// Jest Snapshot v1, https://goo.gl/fbAQLP

exports[`Emoji renders with emoji 1`] = `
<span
  aria-hidden="false"
  aria-label="doo"
  className="emoji"
  role="img"
>
  ðŸ’©
</span>
`;
